// Jest Snapshot v1, https://goo.gl/fbAQLP

exports[`MovieCard renders correctly 1`] = `
<MovieCard>
  <div />
</MovieCard>
`;
